// Jest Snapshot v1, https://goo.gl/fbAQLP

exports[`Badge Atom Component Snapshot 1`] = `
<Text
  style={
    Array [
      Object {
        "fontFamily": "Poppins",
        "fontSize": 14,
        "fontWeight": "600",
        "lineHeight": 24,
      },
      Object {
        "color": "#76E268",
      },
      undefined,
    ]
  }
>
  +
  4.8
  %
</Text>
`;
