// Jest Snapshot v1, https://goo.gl/fbAQLP

exports[`HomeScreen Screen Component Snapshot 1`] = `
<RCTSafeAreaView
  style={
    Object {
      "backgroundColor": "#17171A",
      "flex": 1,
      "width": "100%",
    }
  }
>
  <View
    style={
      Object {
        "height": "100%",
        "justifyContent": "space-between",
        "paddingHorizontal": 24,
        "width": "100%",
      }
    }
  >
    <Image
      source={
        Object {
          "testUri": "../../../assets/pictures/ball.png",
        }
      }
      style={
        Object {
          "height": "25%",
          "left": "85%",
          "position": "absolute",
          "top": "10%",
          "width": "30%",
          "zIndex": -1,
        }
      }
    />
    <View
      style={
        Object {
          "flexDirection": "row",
          "marginBottom": 30,
          "marginTop": 5,
        }
      }
    >
      <View
        style={
          Object {
            "position": "relative",
          }
        }
      >
        <Image
          source={
            Object {
              "testUri": "../../../assets/pictures/profile.png",
            }
          }
          style={
            Object {
              "backgroundColor": "#2A2D3C",
              "borderRadius": 42,
              "height": 42,
              "width": 42,
            }
          }
        />
        <View
          style={
            Object {
              "left": 32,
              "position": "absolute",
              "top": 22,
            }
          }
        >
          <RNSVGSvgView
            align="xMidYMid"
            bbHeight="20"
            bbWidth="20"
            fill="none"
            focusable={false}
            height={20}
            meetOrSlice={0}
            minX={0}
            minY={0}
            style={
              Array [
                Object {
                  "backgroundColor": "transparent",
                  "borderWidth": 0,
                },
                Object {
                  "flex": 0,
                  "height": 20,
                  "width": 20,
                },
              ]
            }
            testID="svg-icon-elipse-profile"
            vbHeight={16}
            vbWidth={16}
            width={20}
          >
            <RNSVGGroup
              fill={null}
              propList={
                Array [
                  "fill",
                ]
              }
            >
              <RNSVGCircle
                cx="8"
                cy="8"
                fill={
                  Object {
                    "payload": 4294885170,
                    "type": 0,
                  }
                }
                propList={
                  Array [
                    "fill",
                  ]
                }
                r="8"
              />
              <RNSVGGroup>
                <RNSVGPath
                  d="M6.5 10L7.5 11L6.5 12"
                  propList={
                    Array [
                      "stroke",
                    ]
                  }
                  stroke={
                    Object {
                      "payload": 4279703322,
                      "type": 0,
                    }
                  }
                />
                <RNSVGPath
                  d="M4 8.5V10C4 10.2652 4.10536 10.5196 4.29289 10.7071C4.48043 10.8946 4.73478 11 5 11H7.5"
                  propList={
                    Array [
                      "stroke",
                    ]
                  }
                  stroke={
                    Object {
                      "payload": 4279703322,
                      "type": 0,
                    }
                  }
                />
                <RNSVGPath
                  d="M9.5 6L8.5 5L9.5 4"
                  propList={
                    Array [
                      "stroke",
                    ]
                  }
                  stroke={
                    Object {
                      "payload": 4279703322,
                      "type": 0,
                    }
                  }
                />
                <RNSVGPath
                  d="M12 7.5V6C12 5.73478 11.8946 5.48043 11.7071 5.29289C11.5196 5.10536 11.2652 5 11 5H8.5"
                  propList={
                    Array [
                      "stroke",
                    ]
                  }
                  stroke={
                    Object {
                      "payload": 4279703322,
                      "type": 0,
                    }
                  }
                />
                <RNSVGPath
                  d="M6 7H4.5C4.23478 7 3.98043 6.89464 3.79289 6.70711C3.60536 6.51957 3.5 6.26522 3.5 6V4.5C3.5 4.23478 3.60536 3.98043 3.79289 3.79289C3.98043 3.60536 4.23478 3.5 4.5 3.5H6C6.26522 3.5 6.51957 3.60536 6.70711 3.79289C6.89464 3.98043 7 4.23478 7 4.5V6C7 6.26522 6.89464 6.51957 6.70711 6.70711C6.51957 6.89464 6.26522 7 6 7Z"
                  propList={
                    Array [
                      "stroke",
                    ]
                  }
                  stroke={
                    Object {
                      "payload": 4279703322,
                      "type": 0,
                    }
                  }
                />
                <RNSVGPath
                  d="M11.5 12.5H10C9.73478 12.5 9.48043 12.3946 9.29289 12.2071C9.10536 12.0196 9 11.7652 9 11.5V10C9 9.73478 9.10536 9.48043 9.29289 9.29289C9.48043 9.10536 9.73478 9 10 9H11.5C11.7652 9 12.0196 9.10536 12.2071 9.29289C12.3946 9.48043 12.5 9.73478 12.5 10V11.5C12.5 11.7652 12.3946 12.0196 12.2071 12.2071C12.0196 12.3946 11.7652 12.5 11.5 12.5Z"
                  propList={
                    Array [
                      "stroke",
                    ]
                  }
                  stroke={
                    Object {
                      "payload": 4279703322,
                      "type": 0,
                    }
                  }
                />
              </RNSVGGroup>
              <RNSVGDefs>
                <RNSVGClipPath
                  name="clip0_4082_2735"
                >
                  <RNSVGRect
                    fill={
                      Object {
                        "payload": 4294967295,
                        "type": 0,
                      }
                    }
                    height="12"
                    matrix={
                      Array [
                        1,
                        0,
                        0,
                        1,
                        2,
                        2,
                      ]
                    }
                    propList={
                      Array [
                        "fill",
                      ]
                    }
                    width="12"
                    x="0"
                    y="0"
                  />
                </RNSVGClipPath>
              </RNSVGDefs>
            </RNSVGGroup>
          </RNSVGSvgView>
        </View>
      </View>
      <View
        accessible={true}
        collapsable={false}
        focusable={true}
        onClick={[Function]}
        onResponderGrant={[Function]}
        onResponderMove={[Function]}
        onResponderRelease={[Function]}
        onResponderTerminate={[Function]}
        onResponderTerminationRequest={[Function]}
        onStartShouldSetResponder={[Function]}
        style={
          Object {
            "alignItems": "center",
            "flexDirection": "row",
            "marginLeft": "25%",
            "opacity": 1,
          }
        }
        testID="home-bar-drop-down"
      >
        <Text
          style={
            Object {
              "color": "#FFFFFF",
            }
          }
        >
          Etherium
           Main
        </Text>
        <View>
          <RNSVGSvgView
            align="xMidYMid"
            bbHeight="24"
            bbWidth="24"
            fill="none"
            focusable={false}
            height={24}
            meetOrSlice={0}
            minX={0}
            minY={0}
            style={
              Array [
                Object {
                  "backgroundColor": "transparent",
                  "borderWidth": 0,
                },
                Object {
                  "flex": 0,
                  "height": 24,
                  "width": 24,
                },
              ]
            }
            testID="svg-icon-tick-arrow"
            vbHeight={24}
            vbWidth={24}
            width={24}
          >
            <RNSVGGroup
              fill={null}
              propList={
                Array [
                  "fill",
                ]
              }
            >
              <RNSVGPath
                d="M8 10L12 14L16 10"
                propList={
                  Array [
                    "stroke",
                  ]
                }
                stroke={
                  Object {
                    "payload": 4294967295,
                    "type": 0,
                  }
                }
              />
            </RNSVGGroup>
          </RNSVGSvgView>
        </View>
      </View>
    </View>
    <RNCMaskedView>
      <View
        pointerEvents="none"
        style={
          Object {
            "bottom": 0,
            "left": 0,
            "position": "absolute",
            "right": 0,
            "top": 0,
          }
        }
      >
        <Text
          style={
            Array [
              Object {
                "fontFamily": "Poppins",
                "lineHeight": 56,
              },
              Object {
                "fontSize": 40,
                "fontWeight": "400",
              },
              Object {
                "marginBottom": 8,
              },
            ]
          }
        >
          9.2362 ETH
        </Text>
      </View>
      <BVLinearGradient
        colors={
          Array [
            4289318399,
            4285724369,
            4288736653,
            4294890341,
            4294616222,
          ]
        }
        endPoint={
          Object {
            "x": 1,
            "y": 0,
          }
        }
        locations={null}
        startPoint={
          Object {
            "x": 0,
            "y": 0,
          }
        }
      >
        <Text
          style={
            Array [
              Object {
                "fontFamily": "Poppins",
                "lineHeight": 56,
              },
              Object {
                "fontSize": 40,
                "fontWeight": "400",
              },
              Object {
                "opacity": 0,
              },
              Object {
                "marginBottom": 8,
              },
            ]
          }
        >
          9.2362 ETH
        </Text>
      </BVLinearGradient>
    </RNCMaskedView>
    <View
      style={
        Object {
          "flexDirection": "row",
          "marginBottom": 20,
        }
      }
    >
      <Text
        style={
          Array [
            Object {
              "fontFamily": "Poppins",
            },
            Object {
              "fontSize": 14,
              "fontWeight": "400",
              "lineHeight": 24,
            },
            Object {
              "color": "#FFFFFF",
            },
          ]
        }
      >
        $16858.15
      </Text>
      <Text
        style={
          Array [
            Object {
              "fontFamily": "Poppins",
            },
            Object {
              "fontSize": 14,
              "fontWeight": "400",
              "lineHeight": 24,
            },
            Object {
              "color": "#76E268",
            },
          ]
        }
        testID="home-template-token-percentage-point"
      >
         +0.7%
      </Text>
    </View>
    <View
      style={
        Object {
          "flexDirection": "row",
          "marginBottom": 30,
        }
      }
    >
      <View
        accessible={true}
        collapsable={false}
        focusable={true}
        onClick={[Function]}
        onResponderGrant={[Function]}
        onResponderMove={[Function]}
        onResponderRelease={[Function]}
        onResponderTerminate={[Function]}
        onResponderTerminationRequest={[Function]}
        onStartShouldSetResponder={[Function]}
        style={
          Object {
            "alignItems": "center",
            "backgroundColor": "#2A2D3C",
            "borderRadius": 8,
            "color": "#FEBF32",
            "flexDirection": "row",
            "marginRight": 8,
            "opacity": 1,
            "padding": 8,
            "width": "auto",
          }
        }
        testID="home-action-sent"
      >
        <View
          style={
            Object {
              "marginRight": 8,
            }
          }
        >
          <RNSVGSvgView
            align="xMidYMid"
            bbHeight="24"
            bbWidth="24"
            fill="none"
            focusable={false}
            height={24}
            meetOrSlice={0}
            minX={0}
            minY={0}
            style={
              Array [
                Object {
                  "backgroundColor": "transparent",
                  "borderWidth": 0,
                },
                Object {
                  "flex": 0,
                  "height": 24,
                  "width": 24,
                },
              ]
            }
            testID="svg-icon-arrow"
            vbHeight={24}
            vbWidth={24}
            width={24}
          >
            <RNSVGGroup
              fill={null}
              propList={
                Array [
                  "fill",
                ]
              }
            >
              <RNSVGPath
                d="M11.5 18L11.5 6"
                propList={
                  Array [
                    "stroke",
                  ]
                }
                stroke={
                  Object {
                    "payload": 4294885170,
                    "type": 0,
                  }
                }
              />
              <RNSVGPath
                d="M7 10L11.5 6L16 10"
                propList={
                  Array [
                    "stroke",
                  ]
                }
                stroke={
                  Object {
                    "payload": 4294885170,
                    "type": 0,
                  }
                }
              />
            </RNSVGGroup>
          </RNSVGSvgView>
        </View>
        <Text
          style={
            Array [
              Object {
                "fontFamily": "Poppins",
              },
              Object {
                "fontSize": 16,
                "fontWeight": "600",
                "lineHeight": 24,
              },
              Object {
                "color": "#FEBF32",
                "marginRight": 8,
              },
            ]
          }
        >
          Sent
        </Text>
      </View>
      <View
        accessible={true}
        collapsable={false}
        focusable={true}
        onClick={[Function]}
        onResponderGrant={[Function]}
        onResponderMove={[Function]}
        onResponderRelease={[Function]}
        onResponderTerminate={[Function]}
        onResponderTerminationRequest={[Function]}
        onStartShouldSetResponder={[Function]}
        style={
          Object {
            "alignItems": "center",
            "backgroundColor": "#2A2D3C",
            "borderRadius": 8,
            "color": "#FEBF32",
            "flexDirection": "row",
            "marginRight": 8,
            "opacity": 1,
            "padding": 8,
            "width": "auto",
          }
        }
        testID="home-action-recive"
      >
        <View
          style={
            Array [
              Object {
                "marginRight": 8,
              },
              Object {
                "transform": Array [
                  Object {
                    "rotate": "180deg",
                  },
                ],
              },
            ]
          }
        >
          <RNSVGSvgView
            align="xMidYMid"
            bbHeight="24"
            bbWidth="24"
            fill="none"
            focusable={false}
            height={24}
            meetOrSlice={0}
            minX={0}
            minY={0}
            style={
              Array [
                Object {
                  "backgroundColor": "transparent",
                  "borderWidth": 0,
                },
                Object {
                  "flex": 0,
                  "height": 24,
                  "width": 24,
                },
              ]
            }
            testID="svg-icon-arrow"
            vbHeight={24}
            vbWidth={24}
            width={24}
          >
            <RNSVGGroup
              fill={null}
              propList={
                Array [
                  "fill",
                ]
              }
            >
              <RNSVGPath
                d="M11.5 18L11.5 6"
                propList={
                  Array [
                    "stroke",
                  ]
                }
                stroke={
                  Object {
                    "payload": 4294885170,
                    "type": 0,
                  }
                }
              />
              <RNSVGPath
                d="M7 10L11.5 6L16 10"
                propList={
                  Array [
                    "stroke",
                  ]
                }
                stroke={
                  Object {
                    "payload": 4294885170,
                    "type": 0,
                  }
                }
              />
            </RNSVGGroup>
          </RNSVGSvgView>
        </View>
        <Text
          style={
            Array [
              Object {
                "fontFamily": "Poppins",
              },
              Object {
                "fontSize": 16,
                "fontWeight": "600",
                "lineHeight": 24,
              },
              Object {
                "color": "#FEBF32",
                "marginRight": 8,
              },
            ]
          }
        >
          Recive
        </Text>
      </View>
      <View
        accessible={true}
        collapsable={false}
        focusable={true}
        onClick={[Function]}
        onResponderGrant={[Function]}
        onResponderMove={[Function]}
        onResponderRelease={[Function]}
        onResponderTerminate={[Function]}
        onResponderTerminationRequest={[Function]}
        onStartShouldSetResponder={[Function]}
        style={
          Object {
            "alignItems": "center",
            "backgroundColor": "#2A2D3C",
            "borderRadius": 8,
            "color": "#FEBF32",
            "flexDirection": "row",
            "opacity": 1,
            "padding": 8,
            "width": "auto",
          }
        }
        testID="home-action-buy"
      >
        <View
          style={
            Object {
              "marginLeft": 6,
              "marginRight": 8,
            }
          }
        >
          <RNSVGSvgView
            align="xMidYMid"
            bbHeight="24"
            bbWidth="24"
            fill="none"
            focusable={false}
            height={24}
            meetOrSlice={0}
            minX={0}
            minY={0}
            style={
              Array [
                Object {
                  "backgroundColor": "transparent",
                  "borderWidth": 0,
                },
                Object {
                  "flex": 0,
                  "height": 24,
                  "width": 24,
                },
              ]
            }
            testID="svg-icon-buy"
            vbHeight={24}
            vbWidth={24}
            width={24}
          >
            <RNSVGGroup
              fill={null}
              propList={
                Array [
                  "fill",
                ]
              }
            >
              <RNSVGGroup>
                <RNSVGPath
                  d="M19.1119 6.49996C18.8816 6.19602 18.6318 5.90741 18.3639 5.63596C17.5282 4.80022 16.5361 4.13727 15.4441 3.68497C14.3522 3.23267 13.1818 2.99988 11.9999 2.99988C10.818 2.99988 9.6477 3.23267 8.55576 3.68497C7.46383 4.13727 6.47167 4.80022 5.63594 5.63596C5.36839 5.90766 5.11854 6.19626 4.88794 6.49996"
                  propList={
                    Array [
                      "stroke",
                    ]
                  }
                  stroke={
                    Object {
                      "payload": 4294885170,
                      "type": 0,
                    }
                  }
                />
                <RNSVGPath
                  d="M4.88794 17.5C5.11794 17.799 5.36194 18.09 5.63594 18.364C6.47167 19.1997 7.46383 19.8627 8.55576 20.315C9.6477 20.7673 10.818 21.0001 11.9999 21.0001C13.1818 21.0001 14.3522 20.7673 15.4441 20.315C16.5361 19.8627 17.5282 19.1997 18.3639 18.364C18.6379 18.09 18.8809 17.799 19.1119 17.5"
                  propList={
                    Array [
                      "stroke",
                    ]
                  }
                  stroke={
                    Object {
                      "payload": 4294885170,
                      "type": 0,
                    }
                  }
                />
                <RNSVGPath
                  d="M6.521 14.571H3.5V12.04H6.519C7.218 12.04 7.785 12.607 7.785 13.306C7.78513 13.4721 7.75253 13.6366 7.68907 13.7901C7.62561 13.9435 7.53252 14.083 7.41514 14.2005C7.29775 14.3179 7.15836 14.4111 7.00494 14.4747C6.85152 14.5383 6.68707 14.571 6.521 14.571V14.571Z"
                  propList={
                    Array [
                      "stroke",
                    ]
                  }
                  stroke={
                    Object {
                      "payload": 4294885170,
                      "type": 0,
                    }
                  }
                />
                <RNSVGPath
                  d="M3.5 12.04V9.42896H6.2C6.54637 9.42896 6.87856 9.56655 7.12348 9.81147C7.3684 10.0564 7.506 10.3886 7.506 10.735C7.506 11.0813 7.3684 11.4135 7.12348 11.6584C6.87856 11.9034 6.54637 12.041 6.2 12.041"
                  propList={
                    Array [
                      "stroke",
                    ]
                  }
                  stroke={
                    Object {
                      "payload": 4294885170,
                      "type": 0,
                    }
                  }
                />
                <RNSVGPath
                  d="M17.2141 9.42896L19.3571 12.344L21.5001 9.42896"
                  propList={
                    Array [
                      "stroke",
                    ]
                  }
                  stroke={
                    Object {
                      "payload": 4294885170,
                      "type": 0,
                    }
                  }
                />
                <RNSVGPath
                  d="M19.3601 14.53V12.34"
                  propList={
                    Array [
                      "stroke",
                    ]
                  }
                  stroke={
                    Object {
                      "payload": 4294885170,
                      "type": 0,
                    }
                  }
                />
                <RNSVGPath
                  d="M14.6429 9.42896V12.429C14.6429 12.9973 14.4172 13.5424 14.0153 13.9443C13.6134 14.3462 13.0683 14.572 12.4999 14.572C11.9316 14.572 11.3865 14.3462 10.9846 13.9443C10.5827 13.5424 10.3569 12.9973 10.3569 12.429V9.42896"
                  propList={
                    Array [
                      "stroke",
                    ]
                  }
                  stroke={
                    Object {
                      "payload": 4294885170,
                      "type": 0,
                    }
                  }
                />
              </RNSVGGroup>
              <RNSVGDefs>
                <RNSVGClipPath
                  name="clip0_4028_1970"
                >
                  <RNSVGRect
                    fill={
                      Object {
                        "payload": 4294967295,
                        "type": 0,
                      }
                    }
                    height="24"
                    propList={
                      Array [
                        "fill",
                      ]
                    }
                    width="24"
                    x="0"
                    y="0"
                  />
                </RNSVGClipPath>
              </RNSVGDefs>
            </RNSVGGroup>
          </RNSVGSvgView>
        </View>
        <Text
          style={
            Array [
              Object {
                "fontFamily": "Poppins",
              },
              Object {
                "fontSize": 16,
                "fontWeight": "600",
                "lineHeight": 24,
              },
              Object {
                "color": "#FEBF32",
                "marginRight": 8,
              },
            ]
          }
        >
          Buy
        </Text>
      </View>
    </View>
    <View
      style={
        Array [
          Object {
            "width": "100%",
          },
          Object {
            "marginBottom": 16,
          },
        ]
      }
    >
      <View
        style={
          Object {
            "flexDirection": "row",
            "justifyContent": "space-between",
            "width": "50%",
          }
        }
      >
        <View
          accessible={true}
          collapsable={false}
          focusable={true}
          onClick={[Function]}
          onResponderGrant={[Function]}
          onResponderMove={[Function]}
          onResponderRelease={[Function]}
          onResponderTerminate={[Function]}
          onResponderTerminationRequest={[Function]}
          onStartShouldSetResponder={[Function]}
          style={
            Object {
              "borderBottomWidth": 2,
              "borderColor": "#FFFFFF",
              "marginHorizontal": 10,
              "opacity": 1,
              "paddingHorizontal": 15,
            }
          }
          testID="token-list-token-tab"
        >
          <Text
            style={
              Array [
                Object {
                  "fontFamily": "Poppins",
                },
                Object {
                  "fontSize": 16,
                  "fontWeight": "600",
                  "lineHeight": 24,
                },
                Object {
                  "color": "#FFFFFF",
                },
              ]
            }
          >
            Token
          </Text>
        </View>
        <View
          accessible={true}
          collapsable={false}
          focusable={true}
          onClick={[Function]}
          onResponderGrant={[Function]}
          onResponderMove={[Function]}
          onResponderRelease={[Function]}
          onResponderTerminate={[Function]}
          onResponderTerminationRequest={[Function]}
          onStartShouldSetResponder={[Function]}
          style={
            Object {
              "marginHorizontal": 10,
              "opacity": 1,
              "paddingHorizontal": 15,
            }
          }
          testID="token-list-collectibles-tab"
        >
          <Text
            style={
              Array [
                Object {
                  "fontFamily": "Poppins",
                },
                Object {
                  "fontSize": 16,
                  "fontWeight": "600",
                  "lineHeight": 24,
                },
                Object {
                  "color": "#888DAA",
                },
              ]
            }
          >
            Collectibles
          </Text>
        </View>
      </View>
      <RCTScrollView
        data={
          Array [
            Object {
              "name": "Binance Coin",
              "percentagePoint": 2,
              "picture": 0,
              "price": 226.69,
              "shortName": "BNB",
              "value": 19.2371,
            },
            Object {
              "name": "USD Coin",
              "percentagePoint": 4.3,
              "picture": 0,
              "price": 1,
              "shortName": "USDC",
              "value": 92.3,
            },
            Object {
              "name": "Synthetix",
              "percentagePoint": -1.3,
              "picture": 0,
              "price": 20.83,
              "shortName": "SNX",
              "value": 42.74,
            },
          ]
        }
        getItem={[Function]}
        getItemCount={[Function]}
        keyExtractor={[Function]}
        onContentSizeChange={[Function]}
        onLayout={[Function]}
        onMomentumScrollBegin={[Function]}
        onMomentumScrollEnd={[Function]}
        onScroll={[Function]}
        onScrollBeginDrag={[Function]}
        onScrollEndDrag={[Function]}
        removeClippedSubviews={false}
        renderItem={[Function]}
        scrollEventThrottle={50}
        stickyHeaderIndices={Array []}
        style={
          Object {
            "height": 250,
          }
        }
        testID="token-list"
        viewabilityConfigCallbackPairs={Array []}
      >
        <View>
          <View
            onLayout={[Function]}
            style={null}
          >
            <View
              accessible={true}
              collapsable={false}
              focusable={true}
              onClick={[Function]}
              onResponderGrant={[Function]}
              onResponderMove={[Function]}
              onResponderRelease={[Function]}
              onResponderTerminate={[Function]}
              onResponderTerminationRequest={[Function]}
              onStartShouldSetResponder={[Function]}
              style={
                Object {
                  "flexDirection": "row",
                  "justifyContent": "space-between",
                  "marginVertical": 16,
                  "opacity": 1,
                }
              }
              testID="token-list-item-BNB"
            >
              <View
                style={
                  Object {
                    "alignItems": "center",
                    "flexDirection": "row",
                  }
                }
              >
                <Image
                  source={0}
                  style={
                    Object {
                      "backgroundColor": "#44485F",
                      "borderRadius": 40,
                      "height": 40,
                      "marginRight": 8,
                      "width": 40,
                    }
                  }
                  testID="token-list-item-BNB-picture"
                />
                <View>
                  <Text
                    style={
                      Array [
                        Object {
                          "fontFamily": "Poppins",
                        },
                        Object {
                          "fontSize": 16,
                          "fontWeight": "600",
                          "lineHeight": 24,
                        },
                        Object {
                          "color": "#FFFFFF",
                        },
                      ]
                    }
                  >
                    Binance Coin
                  </Text>
                  <View
                    style={
                      Object {
                        "alignItems": "center",
                        "flexDirection": "row",
                      }
                    }
                  >
                    <Text
                      style={
                        Array [
                          Object {
                            "fontFamily": "Poppins",
                            "fontSize": 12,
                            "fontWeight": "400",
                            "lineHeight": 18,
                          },
                          Object {
                            "color": "#ABAFC4",
                          },
                          Object {
                            "marginRight": 8,
                          },
                        ]
                      }
                    >
                      $226.69
                    </Text>
                    <Text
                      style={
                        Array [
                          Object {
                            "fontFamily": "Poppins",
                            "fontSize": 14,
                            "fontWeight": "600",
                            "lineHeight": 24,
                          },
                          Object {
                            "color": "#76E268",
                          },
                          undefined,
                        ]
                      }
                    >
                      +2%
                    </Text>
                  </View>
                </View>
              </View>
              <Text
                style={
                  Array [
                    Object {
                      "fontFamily": "Poppins",
                    },
                    Object {
                      "fontSize": 16,
                      "fontWeight": "600",
                      "lineHeight": 24,
                    },
                    Object {
                      "color": "#FFFFFF",
                    },
                  ]
                }
              >
                19.2371 BNB
              </Text>
            </View>
          </View>
          <View
            onLayout={[Function]}
            style={null}
          >
            <View
              accessible={true}
              collapsable={false}
              focusable={true}
              onClick={[Function]}
              onResponderGrant={[Function]}
              onResponderMove={[Function]}
              onResponderRelease={[Function]}
              onResponderTerminate={[Function]}
              onResponderTerminationRequest={[Function]}
              onStartShouldSetResponder={[Function]}
              style={
                Object {
                  "flexDirection": "row",
                  "justifyContent": "space-between",
                  "marginVertical": 16,
                  "opacity": 1,
                }
              }
              testID="token-list-item-USDC"
            >
              <View
                style={
                  Object {
                    "alignItems": "center",
                    "flexDirection": "row",
                  }
                }
              >
                <Image
                  source={0}
                  style={
                    Object {
                      "backgroundColor": "#44485F",
                      "borderRadius": 40,
                      "height": 40,
                      "marginRight": 8,
                      "width": 40,
                    }
                  }
                  testID="token-list-item-USDC-picture"
                />
                <View>
                  <Text
                    style={
                      Array [
                        Object {
                          "fontFamily": "Poppins",
                        },
                        Object {
                          "fontSize": 16,
                          "fontWeight": "600",
                          "lineHeight": 24,
                        },
                        Object {
                          "color": "#FFFFFF",
                        },
                      ]
                    }
                  >
                    USD Coin
                  </Text>
                  <View
                    style={
                      Object {
                        "alignItems": "center",
                        "flexDirection": "row",
                      }
                    }
                  >
                    <Text
                      style={
                        Array [
                          Object {
                            "fontFamily": "Poppins",
                            "fontSize": 12,
                            "fontWeight": "400",
                            "lineHeight": 18,
                          },
                          Object {
                            "color": "#ABAFC4",
                          },
                          Object {
                            "marginRight": 8,
                          },
                        ]
                      }
                    >
                      $1.00
                    </Text>
                    <Text
                      style={
                        Array [
                          Object {
                            "fontFamily": "Poppins",
                            "fontSize": 14,
                            "fontWeight": "600",
                            "lineHeight": 24,
                          },
                          Object {
                            "color": "#76E268",
                          },
                          undefined,
                        ]
                      }
                    >
                      +4.3%
                    </Text>
                  </View>
                </View>
              </View>
              <Text
                style={
                  Array [
                    Object {
                      "fontFamily": "Poppins",
                    },
                    Object {
                      "fontSize": 16,
                      "fontWeight": "600",
                      "lineHeight": 24,
                    },
                    Object {
                      "color": "#FFFFFF",
                    },
                  ]
                }
              >
                92.3 USDC
              </Text>
            </View>
          </View>
          <View
            onLayout={[Function]}
            style={null}
          >
            <View
              accessible={true}
              collapsable={false}
              focusable={true}
              onClick={[Function]}
              onResponderGrant={[Function]}
              onResponderMove={[Function]}
              onResponderRelease={[Function]}
              onResponderTerminate={[Function]}
              onResponderTerminationRequest={[Function]}
              onStartShouldSetResponder={[Function]}
              style={
                Object {
                  "flexDirection": "row",
                  "justifyContent": "space-between",
                  "marginVertical": 16,
                  "opacity": 1,
                }
              }
              testID="token-list-item-SNX"
            >
              <View
                style={
                  Object {
                    "alignItems": "center",
                    "flexDirection": "row",
                  }
                }
              >
                <Image
                  source={0}
                  style={
                    Object {
                      "backgroundColor": "#44485F",
                      "borderRadius": 40,
                      "height": 40,
                      "marginRight": 8,
                      "width": 40,
                    }
                  }
                  testID="token-list-item-SNX-picture"
                />
                <View>
                  <Text
                    style={
                      Array [
                        Object {
                          "fontFamily": "Poppins",
                        },
                        Object {
                          "fontSize": 16,
                          "fontWeight": "600",
                          "lineHeight": 24,
                        },
                        Object {
                          "color": "#FFFFFF",
                        },
                      ]
                    }
                  >
                    Synthetix
                  </Text>
                  <View
                    style={
                      Object {
                        "alignItems": "center",
                        "flexDirection": "row",
                      }
                    }
                  >
                    <Text
                      style={
                        Array [
                          Object {
                            "fontFamily": "Poppins",
                            "fontSize": 12,
                            "fontWeight": "400",
                            "lineHeight": 18,
                          },
                          Object {
                            "color": "#ABAFC4",
                          },
                          Object {
                            "marginRight": 8,
                          },
                        ]
                      }
                    >
                      $20.83
                    </Text>
                    <Text
                      style={
                        Array [
                          Object {
                            "fontFamily": "Poppins",
                            "fontSize": 14,
                            "fontWeight": "600",
                            "lineHeight": 24,
                          },
                          Object {
                            "color": "#EA3943",
                          },
                          undefined,
                        ]
                      }
                    >
                      -1.3%
                    </Text>
                  </View>
                </View>
              </View>
              <Text
                style={
                  Array [
                    Object {
                      "fontFamily": "Poppins",
                    },
                    Object {
                      "fontSize": 16,
                      "fontWeight": "600",
                      "lineHeight": 24,
                    },
                    Object {
                      "color": "#FFFFFF",
                    },
                  ]
                }
              >
                42.74 SNX
              </Text>
            </View>
          </View>
        </View>
      </RCTScrollView>
    </View>
    <View
      accessible={true}
      collapsable={false}
      focusable={true}
      onClick={[Function]}
      onResponderGrant={[Function]}
      onResponderMove={[Function]}
      onResponderRelease={[Function]}
      onResponderTerminate={[Function]}
      onResponderTerminationRequest={[Function]}
      onStartShouldSetResponder={[Function]}
      style={
        Object {
          "alignItems": "center",
          "backgroundColor": "transparent",
          "borderRadius": 8,
          "color": "#FEBF32",
          "flexDirection": "row",
          "marginBottom": 30,
          "opacity": 1,
          "padding": 8,
          "width": "auto",
        }
      }
      testID="home-action-add-token"
    >
      <View
        style={
          Object {
            "marginLeft": "33%",
          }
        }
      >
        <RNSVGSvgView
          align="xMidYMid"
          bbHeight="24"
          bbWidth="24"
          fill="none"
          focusable={false}
          height={24}
          meetOrSlice={0}
          minX={0}
          minY={0}
          style={
            Array [
              Object {
                "backgroundColor": "transparent",
                "borderWidth": 0,
              },
              Object {
                "flex": 0,
                "height": 24,
                "width": 24,
              },
            ]
          }
          testID="svg-icon-plus"
          vbHeight={24}
          vbWidth={24}
          width={24}
        >
          <RNSVGGroup
            fill={null}
            propList={
              Array [
                "fill",
              ]
            }
          >
            <RNSVGPath
              d="M12 5V19"
              propList={
                Array [
                  "stroke",
                ]
              }
              stroke={
                Object {
                  "payload": 4294885170,
                  "type": 0,
                }
              }
            />
            <RNSVGPath
              d="M5 12C9.66667 12 19 12 19 12"
              propList={
                Array [
                  "stroke",
                ]
              }
              stroke={
                Object {
                  "payload": 4294885170,
                  "type": 0,
                }
              }
            />
          </RNSVGGroup>
        </RNSVGSvgView>
      </View>
      <Text
        style={
          Array [
            Object {
              "fontFamily": "Poppins",
            },
            Object {
              "fontSize": 16,
              "fontWeight": "600",
              "lineHeight": 24,
            },
            Object {
              "color": "#FEBF32",
            },
          ]
        }
      >
        Add Tokens
      </Text>
    </View>
  </View>
</RCTSafeAreaView>
`;
