// Jest Snapshot v1, https://goo.gl/fbAQLP

exports[`TockenListItem Molecule Component Snapshot 1`] = `
<View
  style={
    Object {
      "alignItems": "center",
      "flexDirection": "row",
      "justifyContent": "space-between",
      "marginVertical": 8,
      "padding": 8,
      "width": "100%",
    }
  }
>
  <Image
    source={0}
    style={
      Object {
        "backgroundColor": "#44485F",
        "borderRadius": 34,
        "height": 34,
        "width": 34,
      }
    }
  />
  <View
    style={
      Object {
        "width": "60%",
      }
    }
  >
    <Text
      style={
        Array [
          Object {
            "fontFamily": "Poppins",
          },
          Object {
            "fontSize": 16,
            "fontWeight": "600",
            "lineHeight": 24,
          },
          Object {
            "color": "#FFFFFF",
          },
        ]
      }
    />
    <View
      style={
        Object {
          "alignItems": "center",
          "flexDirection": "row",
        }
      }
    >
      <Text
        style={
          Array [
            Object {
              "fontFamily": "Poppins",
              "fontSize": 12,
              "fontWeight": "400",
              "lineHeight": 18,
            },
            Object {
              "color": "#ABAFC4",
            },
            Object {
              "marginRight": 8,
            },
          ]
        }
      />
      <Text
        style={
          Array [
            Object {
              "fontFamily": "Poppins",
              "fontSize": 14,
              "fontWeight": "600",
              "lineHeight": 24,
            },
            Object {
              "color": "#76E268",
            },
            undefined,
          ]
        }
      >
        +
        0
        %
      </Text>
    </View>
  </View>
  <View
    style={
      Object {
        "height": "100%",
        "justifyContent": "flex-start",
      }
    }
  >
    <Text
      style={
        Array [
          Object {
            "fontFamily": "Poppins",
          },
          Object {
            "fontSize": 16,
            "fontWeight": "600",
            "lineHeight": 24,
          },
          Object {
            "color": "#FFFFFF",
          },
        ]
      }
    />
  </View>
</View>
`;
