// Jest Snapshot v1, https://goo.gl/fbAQLP

exports[`DecoratedTab Molecule Component Snapshot 1`] = `
<RNGestureHandlerButton
  collapsable={false}
  delayLongPress={600}
  enabled={true}
  exclusive={true}
  handlerTag={1}
  handlerType="NativeViewGestureHandler"
  onGestureEvent={[Function]}
  onGestureHandlerEvent={[Function]}
  onGestureHandlerStateChange={[Function]}
  onHandlerStateChange={[Function]}
  rippleColor={0}
  touchSoundDisabled={false}
>
  <View
    accessible={true}
    collapsable={false}
    style={
      Object {
        "alignItems": "center",
        "justifyContent": "center",
        "opacity": 1,
        "paddingHorizontal": 16,
      }
    }
  >
    <Text
      style={
        Array [
          Object {
            "fontFamily": "Poppins",
          },
          Object {
            "fontSize": 16,
            "fontWeight": "600",
            "lineHeight": 24,
          },
          Object {
            "color": "#888DAA",
          },
        ]
      }
    />
  </View>
</RNGestureHandlerButton>
`;
