// Jest Snapshot v1, https://goo.gl/fbAQLP

exports[`Iconed Tab Molecule Component Snapshot 1`] = `
<View
  accessible={true}
  collapsable={false}
  focusable={true}
  onClick={[Function]}
  onResponderGrant={[Function]}
  onResponderMove={[Function]}
  onResponderRelease={[Function]}
  onResponderTerminate={[Function]}
  onResponderTerminationRequest={[Function]}
  onStartShouldSetResponder={[Function]}
  style={
    Object {
      "alignItems": "center",
      "justifyContent": "center",
      "opacity": 1,
      "paddingBottom": 34,
      "paddingTop": 10,
      "width": "33%",
    }
  }
>
  <View>
    <RNSVGSvgView
      align="xMidYMid"
      bbHeight="24"
      bbWidth="24"
      fill="none"
      focusable={false}
      height={24}
      meetOrSlice={0}
      minX={0}
      minY={0}
      style={
        Array [
          Object {
            "backgroundColor": "transparent",
            "borderWidth": 0,
          },
          Object {
            "flex": 0,
            "height": 24,
            "width": 24,
          },
        ]
      }
      testID="svg-icon-wallet"
      vbHeight={24}
      vbWidth={25}
      width={24}
    >
      <RNSVGGroup
        fill={null}
        propList={
          Array [
            "fill",
          ]
        }
      >
        <RNSVGPath
          d="M17.0949 13.125C16.8879 13.126 16.7209 13.294 16.7209 13.501C16.7209 13.708 16.8889 13.876 17.0959 13.875C17.3029 13.875 17.4709 13.707 17.4709 13.5C17.4709 13.293 17.3029 13.125 17.0949 13.125"
          propList={
            Array [
              "stroke",
            ]
          }
          stroke={
            Object {
              "payload": 4289441732,
              "type": 0,
            }
          }
        />
        <RNSVGPath
          d="M3.5 5V18.5C3.5 19.605 4.395 20.5 5.5 20.5H19.5C20.605 20.5 21.5 19.605 21.5 18.5V8.5C21.5 7.395 20.605 6.5 19.5 6.5H5C4.172 6.5 3.5 5.828 3.5 5V5C3.5 4.172 4.172 3.5 5 3.5H17.5"
          propList={
            Array [
              "stroke",
            ]
          }
          stroke={
            Object {
              "payload": 4289441732,
              "type": 0,
            }
          }
        />
      </RNSVGGroup>
    </RNSVGSvgView>
  </View>
  <Text
    style={
      Array [
        Object {
          "fontFamily": "Poppins",
        },
        Object {
          "fontSize": 12,
          "fontWeight": "700",
          "lineHeight": 18,
        },
        Object {
          "color": "#ABAFC4",
        },
      ]
    }
  >
    Wallet
  </Text>
</View>
`;
